// Jest Snapshot v1, https://goo.gl/fbAQLP

exports[`should render MyLandscapes correctly 1`] = `ShallowWrapper {}`;
