// Jest Snapshot v1, https://goo.gl/fbAQLP

exports[`should render Signup correctly 1`] = `ShallowWrapper {}`;
